FATAL [6,8]: Undeclared identifier
Type Analysis Failed
